
> build
> vite build

[36mvite v6.1.1 [32mbuilding for production...[36m[39m
transforming...
[32mÔ£ô[39m 2072 modules transformed.
rendering chunks...
computing gzip size...
[2mpublic/build/[22m[32mmanifest.json                                 [39m[1m[2m 83.17 kB[22m[1m[22m[2m Ôöé gzip:   5.70 kB[22m
[2mpublic/build/[22m[35massets/app-BETV450v.css                       [39m[1m[2m117.87 kB[22m[1m[22m[2m Ôöé gzip:  19.22 kB[22m
[2mpublic/build/[22m[36massets/input-error-CSygX_Ps.js                [39m[1m[2m  0.24 kB[22m[1m[22m[2m Ôöé gzip:   0.20 kB[22m
[2mpublic/build/[22m[36massets/check-Br7mWdVf.js                      [39m[1m[2m  0.30 kB[22m[1m[22m[2m Ôöé gzip:   0.25 kB[22m
[2mpublic/build/[22m[36massets/loader-circle-C-pSRSZ_.js              [39m[1m[2m  0.33 kB[22m[1m[22m[2m Ôöé gzip:   0.27 kB[22m
[2mpublic/build/[22m[36massets/plus-D8qUShuR.js                       [39m[1m[2m  0.34 kB[22m[1m[22m[2m Ôöé gzip:   0.26 kB[22m
[2mpublic/build/[22m[36massets/x-BkV9_y4d.js                          [39m[1m[2m  0.34 kB[22m[1m[22m[2m Ôöé gzip:   0.26 kB[22m
[2mpublic/build/[22m[36massets/filter-BEslbNGb.js                     [39m[1m[2m  0.35 kB[22m[1m[22m[2m Ôöé gzip:   0.27 kB[22m
[2mpublic/build/[22m[36massets/arrow-left-Dd9b-bit.js                 [39m[1m[2m  0.35 kB[22m[1m[22m[2m Ôöé gzip:   0.27 kB[22m
[2mpublic/build/[22m[36massets/arrow-right-BlQUKLWA.js                [39m[1m[2m  0.35 kB[22m[1m[22m[2m Ôöé gzip:   0.27 kB[22m
[2mpublic/build/[22m[36massets/search-CG7D5hd7.js                     [39m[1m[2m  0.35 kB[22m[1m[22m[2m Ôöé gzip:   0.28 kB[22m
[2mpublic/build/[22m[36massets/text-link-DPLfMHu9.js                  [39m[1m[2m  0.36 kB[22m[1m[22m[2m Ôöé gzip:   0.25 kB[22m
[2mpublic/build/[22m[36massets/clock-dZuDgaUe.js                      [39m[1m[2m  0.36 kB[22m[1m[22m[2m Ôöé gzip:   0.28 kB[22m
[2mpublic/build/[22m[36massets/circle-check-big-BbMC1-3y.js           [39m[1m[2m  0.37 kB[22m[1m[22m[2m Ôöé gzip:   0.29 kB[22m
[2mpublic/build/[22m[36massets/user-Cgt2C2rQ.js                       [39m[1m[2m  0.38 kB[22m[1m[22m[2m Ôöé gzip:   0.29 kB[22m
[2mpublic/build/[22m[36massets/circle-x-YW6gsGRo.js                   [39m[1m[2m  0.39 kB[22m[1m[22m[2m Ôöé gzip:   0.29 kB[22m
[2mpublic/build/[22m[36massets/lock-Bid8np16.js                       [39m[1m[2m  0.39 kB[22m[1m[22m[2m Ôöé gzip:   0.30 kB[22m
[2mpublic/build/[22m[36massets/trending-up-Badzi4dH.js                [39m[1m[2m  0.39 kB[22m[1m[22m[2m Ôöé gzip:   0.29 kB[22m
[2mpublic/build/[22m[36massets/mail-BB2jzcK8.js                       [39m[1m[2m  0.39 kB[22m[1m[22m[2m Ôöé gzip:   0.31 kB[22m
[2mpublic/build/[22m[36massets/globe-Czxxjo8-.js                      [39m[1m[2m  0.42 kB[22m[1m[22m[2m Ôöé gzip:   0.30 kB[22m
[2mpublic/build/[22m[36massets/heart-BRdLKKfH.js                      [39m[1m[2m  0.42 kB[22m[1m[22m[2m Ôöé gzip:   0.32 kB[22m
[2mpublic/build/[22m[36massets/camera-CY6QDwNF.js                     [39m[1m[2m  0.43 kB[22m[1m[22m[2m Ôöé gzip:   0.32 kB[22m
[2mpublic/build/[22m[36massets/external-link-CSGhUr7k.js              [39m[1m[2m  0.43 kB[22m[1m[22m[2m Ôöé gzip:   0.31 kB[22m
[2mpublic/build/[22m[36massets/eye-CUqdPpoJ.js                        [39m[1m[2m  0.44 kB[22m[1m[22m[2m Ôöé gzip:   0.31 kB[22m
[2mpublic/build/[22m[36massets/map-pin-CnPtvEc7.js                    [39m[1m[2m  0.44 kB[22m[1m[22m[2m Ôöé gzip:   0.33 kB[22m
[2mpublic/build/[22m[36massets/wrench-DISzvBho.js                     [39m[1m[2m  0.44 kB[22m[1m[22m[2m Ôöé gzip:   0.31 kB[22m
[2mpublic/build/[22m[36massets/download-ydzyBZYL.js                   [39m[1m[2m  0.45 kB[22m[1m[22m[2m Ôöé gzip:   0.33 kB[22m
[2mpublic/build/[22m[36massets/shield-Cz5FluJl.js                     [39m[1m[2m  0.45 kB[22m[1m[22m[2m Ôöé gzip:   0.34 kB[22m
[2mpublic/build/[22m[36massets/award-6tGne0N0.js                      [39m[1m[2m  0.45 kB[22m[1m[22m[2m Ôöé gzip:   0.33 kB[22m
[2mpublic/build/[22m[36massets/pencil-CRK7H-jY.js                     [39m[1m[2m  0.46 kB[22m[1m[22m[2m Ôöé gzip:   0.33 kB[22m
[2mpublic/build/[22m[36massets/house-Byh5zoxV.js                      [39m[1m[2m  0.47 kB[22m[1m[22m[2m Ôöé gzip:   0.32 kB[22m
[2mpublic/build/[22m[36massets/send-BjDVfNdY.js                       [39m[1m[2m  0.47 kB[22m[1m[22m[2m Ôöé gzip:   0.34 kB[22m
[2mpublic/build/[22m[36massets/users-CK5cNKVc.js                      [39m[1m[2m  0.49 kB[22m[1m[22m[2m Ôöé gzip:   0.33 kB[22m
[2mpublic/build/[22m[36massets/save-Vc7aZFYj.js                       [39m[1m[2m  0.51 kB[22m[1m[22m[2m Ôöé gzip:   0.34 kB[22m
[2mpublic/build/[22m[36massets/file-text-B8WmFZYV.js                  [39m[1m[2m  0.52 kB[22m[1m[22m[2m Ôöé gzip:   0.33 kB[22m
[2mpublic/build/[22m[36massets/index-Da7T3doj.js                      [39m[1m[2m  0.54 kB[22m[1m[22m[2m Ôöé gzip:   0.40 kB[22m
[2mpublic/build/[22m[36massets/trash-2-CzMx74H7.js                    [39m[1m[2m  0.54 kB[22m[1m[22m[2m Ôöé gzip:   0.36 kB[22m
[2mpublic/build/[22m[36massets/hammer--Mkq-cFz.js                     [39m[1m[2m  0.56 kB[22m[1m[22m[2m Ôöé gzip:   0.38 kB[22m
[2mpublic/build/[22m[36massets/phone-BP2IqARj.js                      [39m[1m[2m  0.58 kB[22m[1m[22m[2m Ôöé gzip:   0.36 kB[22m
[2mpublic/build/[22m[36massets/input-DIDEx2yG.js                      [39m[1m[2m  0.61 kB[22m[1m[22m[2m Ôöé gzip:   0.37 kB[22m
[2mpublic/build/[22m[36massets/building-2-DKAdqoLz.js                 [39m[1m[2m  0.62 kB[22m[1m[22m[2m Ôöé gzip:   0.36 kB[22m
[2mpublic/build/[22m[36massets/label-RlsOYdEZ.js                      [39m[1m[2m  0.65 kB[22m[1m[22m[2m Ôöé gzip:   0.42 kB[22m
[2mpublic/build/[22m[36massets/star-DN0CDZwk.js                       [39m[1m[2m  0.66 kB[22m[1m[22m[2m Ôöé gzip:   0.41 kB[22m
[2mpublic/build/[22m[36massets/triangle-alert-Dk1n8fGV.js             [39m[1m[2m  0.70 kB[22m[1m[22m[2m Ôöé gzip:   0.36 kB[22m
[2mpublic/build/[22m[36massets/message-square-B3jgJN4I.js             [39m[1m[2m  0.74 kB[22m[1m[22m[2m Ôöé gzip:   0.38 kB[22m
[2mpublic/build/[22m[36massets/badge-Dr_JWWrn.js                      [39m[1m[2m  0.78 kB[22m[1m[22m[2m Ôöé gzip:   0.40 kB[22m
[2mpublic/build/[22m[36massets/user-x-CWRVZsSG.js                     [39m[1m[2m  0.87 kB[22m[1m[22m[2m Ôöé gzip:   0.40 kB[22m
[2mpublic/build/[22m[36massets/alert-COfd5LfC.js                      [39m[1m[2m  0.97 kB[22m[1m[22m[2m Ôöé gzip:   0.50 kB[22m
[2mpublic/build/[22m[36massets/card-2w0eU8Zk.js                       [39m[1m[2m  1.01 kB[22m[1m[22m[2m Ôöé gzip:   0.38 kB[22m
[2mpublic/build/[22m[36massets/verify-email-DThZwhnM.js               [39m[1m[2m  1.28 kB[22m[1m[22m[2m Ôöé gzip:   0.72 kB[22m
[2mpublic/build/[22m[36massets/conversation-VFhCUlQj.js               [39m[1m[2m  1.29 kB[22m[1m[22m[2m Ôöé gzip:   0.67 kB[22m
[2mpublic/build/[22m[36massets/button-IoszNF1a.js                     [39m[1m[2m  1.29 kB[22m[1m[22m[2m Ôöé gzip:   0.64 kB[22m
[2mpublic/build/[22m[36massets/planning-COR7dEr8.js                   [39m[1m[2m  1.38 kB[22m[1m[22m[2m Ôöé gzip:   0.73 kB[22m
[2mpublic/build/[22m[36massets/confirm-password-vE1uPvHH.js           [39m[1m[2m  1.53 kB[22m[1m[22m[2m Ôöé gzip:   0.78 kB[22m
[2mpublic/build/[22m[36massets/createLucideIcon-w3muL9pz.js           [39m[1m[2m  1.57 kB[22m[1m[22m[2m Ôöé gzip:   0.66 kB[22m
[2mpublic/build/[22m[36massets/layout-CkpJ9wbp.js                     [39m[1m[2m  1.61 kB[22m[1m[22m[2m Ôöé gzip:   0.70 kB[22m
[2mpublic/build/[22m[36massets/forgot-password-DyTPYCB4.js            [39m[1m[2m  1.78 kB[22m[1m[22m[2m Ôöé gzip:   0.90 kB[22m
[2mpublic/build/[22m[36massets/devis-new-DA-jTLKW.js                  [39m[1m[2m  1.80 kB[22m[1m[22m[2m Ôöé gzip:   0.90 kB[22m
[2mpublic/build/[22m[36massets/tag-BZvKHHG6.js                        [39m[1m[2m  2.11 kB[22m[1m[22m[2m Ôöé gzip:   0.74 kB[22m
[2mpublic/build/[22m[36massets/reset-password-CFgNzeBe.js             [39m[1m[2m  2.27 kB[22m[1m[22m[2m Ôöé gzip:   0.87 kB[22m
[2mpublic/build/[22m[36massets/index-B51ZKE9q.js                      [39m[1m[2m  2.49 kB[22m[1m[22m[2m Ôöé gzip:   1.13 kB[22m
[2mpublic/build/[22m[36massets/public-navbar-BuksnHM3.js              [39m[1m[2m  2.92 kB[22m[1m[22m[2m Ôöé gzip:   0.94 kB[22m
[2mpublic/build/[22m[36massets/appearance-Cg5jsI7R.js                 [39m[1m[2m  3.35 kB[22m[1m[22m[2m Ôöé gzip:   1.44 kB[22m
[2mpublic/build/[22m[36massets/politique-confidentialite-1ry3276b.js  [39m[1m[2m  3.37 kB[22m[1m[22m[2m Ôöé gzip:   1.45 kB[22m
[2mpublic/build/[22m[36massets/cgv-Be8cmsqP.js                        [39m[1m[2m  3.50 kB[22m[1m[22m[2m Ôöé gzip:   1.51 kB[22m
[2mpublic/build/[22m[36massets/porto-novo-quartiers-L6v7wntr.js       [39m[1m[2m  3.62 kB[22m[1m[22m[2m Ôöé gzip:   1.08 kB[22m
[2mpublic/build/[22m[36massets/auth-layout-CeAKit21.js                [39m[1m[2m  3.69 kB[22m[1m[22m[2m Ôöé gzip:   1.38 kB[22m
[2mpublic/build/[22m[36massets/faq-Czg4iWn0.js                        [39m[1m[2m  3.94 kB[22m[1m[22m[2m Ôöé gzip:   1.37 kB[22m
[2mpublic/build/[22m[36massets/password-55x8Tq7U.js                   [39m[1m[2m  4.05 kB[22m[1m[22m[2m Ôöé gzip:   1.56 kB[22m
[2mpublic/build/[22m[36massets/contact-CjSO24Yk.js                    [39m[1m[2m  4.14 kB[22m[1m[22m[2m Ôöé gzip:   1.44 kB[22m
[2mpublic/build/[22m[36massets/artisans-map-DHoLtYgq.js               [39m[1m[2m  4.20 kB[22m[1m[22m[2m Ôöé gzip:   1.84 kB[22m
[2mpublic/build/[22m[36massets/a-propos-DLh65YbS.js                   [39m[1m[2m  4.40 kB[22m[1m[22m[2m Ôöé gzip:   1.63 kB[22m
[2mpublic/build/[22m[36massets/index-BhoQRODC.js                      [39m[1m[2m  4.74 kB[22m[1m[22m[2m Ôöé gzip:   1.95 kB[22m
[2mpublic/build/[22m[36massets/avis-BcCVEnLW.js                       [39m[1m[2m  4.81 kB[22m[1m[22m[2m Ôöé gzip:   1.82 kB[22m
[2mpublic/build/[22m[36massets/transactions-CAO7hS0z.js               [39m[1m[2m  4.82 kB[22m[1m[22m[2m Ôöé gzip:   1.61 kB[22m
[2mpublic/build/[22m[36massets/earnings-CzSZ-Kj_.js                   [39m[1m[2m  5.06 kB[22m[1m[22m[2m Ôöé gzip:   1.36 kB[22m
[2mpublic/build/[22m[36massets/partenaires-BngDfLnG.js                [39m[1m[2m  5.10 kB[22m[1m[22m[2m Ôöé gzip:   1.90 kB[22m
[2mpublic/build/[22m[36massets/notifications-BBCQWX6G.js              [39m[1m[2m  5.13 kB[22m[1m[22m[2m Ôöé gzip:   1.96 kB[22m
[2mpublic/build/[22m[36massets/avis-Db4TkXNJ.js                       [39m[1m[2m  5.17 kB[22m[1m[22m[2m Ôöé gzip:   1.88 kB[22m
[2mpublic/build/[22m[36massets/portfolio-tn4MWOmg.js                  [39m[1m[2m  5.23 kB[22m[1m[22m[2m Ôöé gzip:   1.88 kB[22m
[2mpublic/build/[22m[36massets/call-Dhd7ByYh.js                       [39m[1m[2m  5.46 kB[22m[1m[22m[2m Ôöé gzip:   1.94 kB[22m
[2mpublic/build/[22m[36massets/avis-create-C-zqqch6.js                [39m[1m[2m  5.49 kB[22m[1m[22m[2m Ôöé gzip:   2.02 kB[22m
[2mpublic/build/[22m[36massets/litiges-create-_2jPSDQX.js             [39m[1m[2m  5.53 kB[22m[1m[22m[2m Ôöé gzip:   2.05 kB[22m
[2mpublic/build/[22m[36massets/call-Cn-FoVYu.js                       [39m[1m[2m  5.70 kB[22m[1m[22m[2m Ôöé gzip:   1.95 kB[22m
[2mpublic/build/[22m[36massets/favoris-29S9Ods-.js                    [39m[1m[2m  5.88 kB[22m[1m[22m[2m Ôöé gzip:   2.06 kB[22m
[2mpublic/build/[22m[36massets/index-CahZYOec.js                      [39m[1m[2m  5.96 kB[22m[1m[22m[2m Ôöé gzip:   2.16 kB[22m
[2mpublic/build/[22m[36massets/call-UuYndCzl.js                       [39m[1m[2m  6.02 kB[22m[1m[22m[2m Ôöé gzip:   2.26 kB[22m
[2mpublic/build/[22m[36massets/litiges-DdyPyYK-.js                    [39m[1m[2m  6.05 kB[22m[1m[22m[2m Ôöé gzip:   2.12 kB[22m
[2mpublic/build/[22m[36massets/index-CtYYOQQ7.js                      [39m[1m[2m  6.11 kB[22m[1m[22m[2m Ôöé gzip:   2.23 kB[22m
[2mpublic/build/[22m[36massets/academy-DKIY8D5g.js                    [39m[1m[2m  6.26 kB[22m[1m[22m[2m Ôöé gzip:   2.39 kB[22m
[2mpublic/build/[22m[36massets/paiements-C0yADPxR.js                  [39m[1m[2m  6.53 kB[22m[1m[22m[2m Ôöé gzip:   1.95 kB[22m
[2mpublic/build/[22m[36massets/index-DA8ujDjI.js                      [39m[1m[2m  6.60 kB[22m[1m[22m[2m Ôöé gzip:   2.20 kB[22m
[2mpublic/build/[22m[36massets/index-De7uWb5b.js                      [39m[1m[2m  6.78 kB[22m[1m[22m[2m Ôöé gzip:   2.31 kB[22m
[2mpublic/build/[22m[36massets/admin-layout-Dagfjh7E.js               [39m[1m[2m  6.79 kB[22m[1m[22m[2m Ôöé gzip:   2.34 kB[22m
[2mpublic/build/[22m[36massets/index-BqKlLUiS.js                      [39m[1m[2m  6.82 kB[22m[1m[22m[2m Ôöé gzip:   2.18 kB[22m
[2mpublic/build/[22m[36massets/index-ByvfXB37.js                      [39m[1m[2m  6.83 kB[22m[1m[22m[2m Ôöé gzip:   2.04 kB[22m
[2mpublic/build/[22m[36massets/login-BNuHQyBm.js                      [39m[1m[2m  6.93 kB[22m[1m[22m[2m Ôöé gzip:   2.83 kB[22m
[2mpublic/build/[22m[36massets/devis-B1TVjNIi.js                      [39m[1m[2m  7.23 kB[22m[1m[22m[2m Ôöé gzip:   2.29 kB[22m
[2mpublic/build/[22m[36massets/index-CXqKZKZy.js                      [39m[1m[2m  7.27 kB[22m[1m[22m[2m Ôöé gzip:   2.69 kB[22m
[2mpublic/build/[22m[36massets/show-CnNEnGYC.js                       [39m[1m[2m  7.31 kB[22m[1m[22m[2m Ôöé gzip:   2.10 kB[22m
[2mpublic/build/[22m[36massets/devis-B3h9CsBN.js                      [39m[1m[2m  7.41 kB[22m[1m[22m[2m Ôöé gzip:   2.46 kB[22m
[2mpublic/build/[22m[36massets/show-CwnEEP26.js                       [39m[1m[2m  7.42 kB[22m[1m[22m[2m Ôöé gzip:   2.21 kB[22m
[2mpublic/build/[22m[36massets/reservation-detail-CvERnTZg.js         [39m[1m[2m  7.64 kB[22m[1m[22m[2m Ôöé gzip:   2.10 kB[22m
[2mpublic/build/[22m[36massets/reservations-C93ZmSsV.js               [39m[1m[2m  7.77 kB[22m[1m[22m[2m Ôöé gzip:   2.51 kB[22m
[2mpublic/build/[22m[36massets/show-DiLUiRLY.js                       [39m[1m[2m  7.87 kB[22m[1m[22m[2m Ôöé gzip:   2.18 kB[22m
[2mpublic/build/[22m[36massets/profil-CrZ8syE5.js                     [39m[1m[2m  7.94 kB[22m[1m[22m[2m Ôöé gzip:   2.77 kB[22m
[2mpublic/build/[22m[36massets/register-5LkqWoHR.js                   [39m[1m[2m  8.14 kB[22m[1m[22m[2m Ôöé gzip:   2.60 kB[22m
[2mpublic/build/[22m[36massets/geolocalisation-DWkZSFiO.js            [39m[1m[2m  8.26 kB[22m[1m[22m[2m Ôöé gzip:   2.98 kB[22m
[2mpublic/build/[22m[36massets/dashboard-DI1MJuoz.js                  [39m[1m[2m  9.08 kB[22m[1m[22m[2m Ôöé gzip:   2.15 kB[22m
[2mpublic/build/[22m[36massets/dashboard-Bajp0Art.js                  [39m[1m[2m  9.10 kB[22m[1m[22m[2m Ôöé gzip:   2.66 kB[22m
[2mpublic/build/[22m[36massets/profile-BC97IKCe.js                    [39m[1m[2m  9.55 kB[22m[1m[22m[2m Ôöé gzip:   3.57 kB[22m
[2mpublic/build/[22m[36massets/index-l0me0O5m.js                      [39m[1m[2m  9.68 kB[22m[1m[22m[2m Ôöé gzip:   2.84 kB[22m
[2mpublic/build/[22m[36massets/paiements-8fOiRuXV.js                  [39m[1m[2m  9.70 kB[22m[1m[22m[2m Ôöé gzip:   2.64 kB[22m
[2mpublic/build/[22m[36massets/dashboard-TI31IP0r.js                  [39m[1m[2m 10.06 kB[22m[1m[22m[2m Ôöé gzip:   2.49 kB[22m
[2mpublic/build/[22m[36massets/dashboard-BbLZhEXO.js                  [39m[1m[2m 10.13 kB[22m[1m[22m[2m Ôöé gzip:   3.01 kB[22m
[2mpublic/build/[22m[36massets/reports-Do35Y54V.js                    [39m[1m[2m 10.34 kB[22m[1m[22m[2m Ôöé gzip:   2.53 kB[22m
[2mpublic/build/[22m[36massets/paiements-create-CACmSaVq.js           [39m[1m[2m 12.62 kB[22m[1m[22m[2m Ôöé gzip:   3.80 kB[22m
[2mpublic/build/[22m[36massets/index-Co5wutb1.js                      [39m[1m[2m 12.97 kB[22m[1m[22m[2m Ôöé gzip:   4.18 kB[22m
[2mpublic/build/[22m[36massets/reservations-Bo9HMwiQ.js               [39m[1m[2m 13.67 kB[22m[1m[22m[2m Ôöé gzip:   3.34 kB[22m
[2mpublic/build/[22m[36massets/messages-B9A63JCa.js                   [39m[1m[2m 13.72 kB[22m[1m[22m[2m Ôöé gzip:   4.05 kB[22m
[2mpublic/build/[22m[36massets/messages-Brn0NhWQ.js                   [39m[1m[2m 13.91 kB[22m[1m[22m[2m Ôöé gzip:   4.03 kB[22m
[2mpublic/build/[22m[36massets/transition-C0sSDZcu.js                 [39m[1m[2m 14.33 kB[22m[1m[22m[2m Ôöé gzip:   5.67 kB[22m
[2mpublic/build/[22m[36massets/reservation-detail-zgmzUKDi.js         [39m[1m[2m 14.41 kB[22m[1m[22m[2m Ôöé gzip:   3.61 kB[22m
[2mpublic/build/[22m[36massets/accueil-CUsDAHeA.js                    [39m[1m[2m 19.23 kB[22m[1m[22m[2m Ôöé gzip:   5.07 kB[22m
[2mpublic/build/[22m[36massets/language-switcher-uVPQW98o.js          [39m[1m[2m 19.96 kB[22m[1m[22m[2m Ôöé gzip:   5.81 kB[22m
[2mpublic/build/[22m[36massets/show-DOnsN50f.js                       [39m[1m[2m 21.15 kB[22m[1m[22m[2m Ôöé gzip:   4.98 kB[22m
[2mpublic/build/[22m[36massets/utils-jAU0Cazi.js                      [39m[1m[2m 21.90 kB[22m[1m[22m[2m Ôöé gzip:   7.35 kB[22m
[2mpublic/build/[22m[36massets/profil-DJ7W9jeV.js                     [39m[1m[2m 22.11 kB[22m[1m[22m[2m Ôöé gzip:   6.14 kB[22m
[2mpublic/build/[22m[36massets/welcome-BTGP262A.js                    [39m[1m[2m 48.13 kB[22m[1m[22m[2m Ôöé gzip:   8.63 kB[22m
[2mpublic/build/[22m[36massets/app-layout-DoR1TO_1.js                 [39m[1m[2m117.18 kB[22m[1m[22m[2m Ôöé gzip:  36.77 kB[22m
[2mpublic/build/[22m[36massets/leaflet-src-C0716TZn.js                [39m[1m[2m150.03 kB[22m[1m[22m[2m Ôöé gzip:  43.57 kB[22m
[2mpublic/build/[22m[36massets/app-BSnmrH6N.js                        [39m[1m[2m350.27 kB[22m[1m[22m[2m Ôöé gzip: 114.54 kB[22m
[32mÔ£ô built in 49.06s[39m
